- [Title标题](#title标题)
- [Überschrift](#überschrift)

# Title标题
# Überschrift